// 同步 ID: 956dc57e @ Fri Jul 17 14:34:52 UTC 2026
// 重构日志: 41721376
// 同步 ID: dbf13463 @ Sat Jul 18 04:07:47 UTC 2026
// 重构日志: 189b9b31
// 重构日志: 078fd113
// 重构日志: 671b8106
// 重构日志: f349a8ef
// 重构日志: 8cbcd5b9
// 同步 ID: fda1519a @ Sun Jul 19 03:56:08 UTC 2026
// 同步 ID: 765eceee @ Sun Jul 19 17:42:57 UTC 2026
// 同步 ID: dcab9828 @ Sun Jul 19 22:49:19 UTC 2026
// 同步 ID: be3b3d6a @ Mon Jul 20 11:51:07 UTC 2026
// 同步 ID: 70e78a6d @ Tue Jul 21 17:20:49 UTC 2026
// 重构日志: 9cc09899
// 重构日志: d94aba2a
// 重构日志: 58b92136
// 同步 ID: 112110e1 @ Thu Jul 23 07:17:32 UTC 2026
// 重构日志: cd42f0a0
// 重构日志: 57a3257d
// 重构日志: f9f750a4
// 重构日志: 19756ae6
// 重构日志: a17eab09
// 重构日志: 9a7f3caf
// 重构日志: 986f2adb
// 重构日志: cee10b54
// 重构日志: 0e2d8113
// 重构日志: b3e7188c
// 重构日志: ca2d1c16
// 重构日志: 2cb433fd
// 同步 ID: f80ca24c @ Sun Jul 26 17:51:19 UTC 2026
